// Jest Snapshot v1, https://goo.gl/fbAQLP

exports[`spinner component 1`] = `
<DocumentFragment>
  <div
    class="css-w40flo-Spinner"
  >
    <div
      class="css-lehx5n-Spinner"
    />
    <div
      class="css-wk0iwg-Spinner"
    />
    <div
      class="css-1xsj7ka-Spinner"
    />
  </div>
</DocumentFragment>
`;
